Archive member included to satisfy reference by file (symbol)

C:/ST/STM32CubeIDE_1.17.0/STM32CubeIDE/plugins/com.st.stm32cube.ide.mcu.externaltools.gnu-tools-for-stm32.12.3.rel1.win32_1.1.0.202410251130/tools/bin/../lib/gcc/arm-none-eabi/12.3.1/../../../../arm-none-eabi/lib/thumb/v7e-m+fp/hard\libc_nano.a(libc_a-exit.o)
                              C:/ST/STM32CubeIDE_1.17.0/STM32CubeIDE/plugins/com.st.stm32cube.ide.mcu.externaltools.gnu-tools-for-stm32.12.3.rel1.win32_1.1.0.202410251130/tools/bin/../lib/gcc/arm-none-eabi/12.3.1/../../../../arm-none-eabi/lib/thumb/v7e-m+fp/hard/crt0.o (exit)
C:/ST/STM32CubeIDE_1.17.0/STM32CubeIDE/plugins/com.st.stm32cube.ide.mcu.externaltools.gnu-tools-for-stm32.12.3.rel1.win32_1.1.0.202410251130/tools/bin/../lib/gcc/arm-none-eabi/12.3.1/../../../../arm-none-eabi/lib/thumb/v7e-m+fp/hard\libc_nano.a(libc_a-itoa.o)
                              ./Core/Src/main.o (itoa)
C:/ST/STM32CubeIDE_1.17.0/STM32CubeIDE/plugins/com.st.stm32cube.ide.mcu.externaltools.gnu-tools-for-stm32.12.3.rel1.win32_1.1.0.202410251130/tools/bin/../lib/gcc/arm-none-eabi/12.3.1/../../../../arm-none-eabi/lib/thumb/v7e-m+fp/hard\libc_nano.a(libc_a-utoa.o)
                              C:/ST/STM32CubeIDE_1.17.0/STM32CubeIDE/plugins/com.st.stm32cube.ide.mcu.externaltools.gnu-tools-for-stm32.12.3.rel1.win32_1.1.0.202410251130/tools/bin/../lib/gcc/arm-none-eabi/12.3.1/../../../../arm-none-eabi/lib/thumb/v7e-m+fp/hard\libc_nano.a(libc_a-itoa.o) (__utoa)
C:/ST/STM32CubeIDE_1.17.0/STM32CubeIDE/plugins/com.st.stm32cube.ide.mcu.externaltools.gnu-tools-for-stm32.12.3.rel1.win32_1.1.0.202410251130/tools/bin/../lib/gcc/arm-none-eabi/12.3.1/../../../../arm-none-eabi/lib/thumb/v7e-m+fp/hard\libc_nano.a(libc_a-findfp.o)
                              C:/ST/STM32CubeIDE_1.17.0/STM32CubeIDE/plugins/com.st.stm32cube.ide.mcu.externaltools.gnu-tools-for-stm32.12.3.rel1.win32_1.1.0.202410251130/tools/bin/../lib/gcc/arm-none-eabi/12.3.1/../../../../arm-none-eabi/lib/thumb/v7e-m+fp/hard\libc_nano.a(libc_a-exit.o) (__stdio_exit_handler)
C:/ST/STM32CubeIDE_1.17.0/STM32CubeIDE/plugins/com.st.stm32cube.ide.mcu.externaltools.gnu-tools-for-stm32.12.3.rel1.win32_1.1.0.202410251130/tools/bin/../lib/gcc/arm-none-eabi/12.3.1/../../../../arm-none-eabi/lib/thumb/v7e-m+fp/hard\libc_nano.a(libc_a-fwalk.o)
                              C:/ST/STM32CubeIDE_1.17.0/STM32CubeIDE/plugins/com.st.stm32cube.ide.mcu.externaltools.gnu-tools-for-stm32.12.3.rel1.win32_1.1.0.202410251130/tools/bin/../lib/gcc/arm-none-eabi/12.3.1/../../../../arm-none-eabi/lib/thumb/v7e-m+fp/hard\libc_nano.a(libc_a-findfp.o) (_fwalk_sglue)
C:/ST/STM32CubeIDE_1.17.0/STM32CubeIDE/plugins/com.st.stm32cube.ide.mcu.externaltools.gnu-tools-for-stm32.12.3.rel1.win32_1.1.0.202410251130/tools/bin/../lib/gcc/arm-none-eabi/12.3.1/../../../../arm-none-eabi/lib/thumb/v7e-m+fp/hard\libc_nano.a(libc_a-stdio.o)
                              C:/ST/STM32CubeIDE_1.17.0/STM32CubeIDE/plugins/com.st.stm32cube.ide.mcu.externaltools.gnu-tools-for-stm32.12.3.rel1.win32_1.1.0.202410251130/tools/bin/../lib/gcc/arm-none-eabi/12.3.1/../../../../arm-none-eabi/lib/thumb/v7e-m+fp/hard\libc_nano.a(libc_a-findfp.o) (__sread)
C:/ST/STM32CubeIDE_1.17.0/STM32CubeIDE/plugins/com.st.stm32cube.ide.mcu.externaltools.gnu-tools-for-stm32.12.3.rel1.win32_1.1.0.202410251130/tools/bin/../lib/gcc/arm-none-eabi/12.3.1/../../../../arm-none-eabi/lib/thumb/v7e-m+fp/hard\libc_nano.a(libc_a-memset.o)
                              C:/ST/STM32CubeIDE_1.17.0/STM32CubeIDE/plugins/com.st.stm32cube.ide.mcu.externaltools.gnu-tools-for-stm32.12.3.rel1.win32_1.1.0.202410251130/tools/bin/../lib/gcc/arm-none-eabi/12.3.1/../../../../arm-none-eabi/lib/thumb/v7e-m+fp/hard/crt0.o (memset)
C:/ST/STM32CubeIDE_1.17.0/STM32CubeIDE/plugins/com.st.stm32cube.ide.mcu.externaltools.gnu-tools-for-stm32.12.3.rel1.win32_1.1.0.202410251130/tools/bin/../lib/gcc/arm-none-eabi/12.3.1/../../../../arm-none-eabi/lib/thumb/v7e-m+fp/hard\libc_nano.a(libc_a-closer.o)
                              C:/ST/STM32CubeIDE_1.17.0/STM32CubeIDE/plugins/com.st.stm32cube.ide.mcu.externaltools.gnu-tools-for-stm32.12.3.rel1.win32_1.1.0.202410251130/tools/bin/../lib/gcc/arm-none-eabi/12.3.1/../../../../arm-none-eabi/lib/thumb/v7e-m+fp/hard\libc_nano.a(libc_a-stdio.o) (_close_r)
C:/ST/STM32CubeIDE_1.17.0/STM32CubeIDE/plugins/com.st.stm32cube.ide.mcu.externaltools.gnu-tools-for-stm32.12.3.rel1.win32_1.1.0.202410251130/tools/bin/../lib/gcc/arm-none-eabi/12.3.1/../../../../arm-none-eabi/lib/thumb/v7e-m+fp/hard\libc_nano.a(libc_a-reent.o)
                              C:/ST/STM32CubeIDE_1.17.0/STM32CubeIDE/plugins/com.st.stm32cube.ide.mcu.externaltools.gnu-tools-for-stm32.12.3.rel1.win32_1.1.0.202410251130/tools/bin/../lib/gcc/arm-none-eabi/12.3.1/../../../../arm-none-eabi/lib/thumb/v7e-m+fp/hard\libc_nano.a(libc_a-closer.o) (errno)
[...]
Memory Configuration

Name             Origin             Length             Attributes
RAM              0x20000000         0x00020000         xrw
FLASH            0x08000000         0x00080000         xr
*default*        0x00000000         0xffffffff

Linker script and memory map

LOAD C:/ST/STM32CubeIDE_1.17.0/STM32CubeIDE/plugins/com.st.stm32cube.ide.mcu.externaltools.gnu-tools-for-stm32.12.3.rel1.win32_1.1.0.202410251130/tools/bin/../lib/gcc/arm-none-eabi/12.3.1/thumb/v7e-m+fp/hard/crti.o
LOAD C:/ST/STM32CubeIDE_1.17.0/STM32CubeIDE/plugins/com.st.stm32cube.ide.mcu.externaltools.gnu-tools-for-stm32.12.3.rel1.win32_1.1.0.202410251130/tools/bin/../lib/gcc/arm-none-eabi/12.3.1/thumb/v7e-m+fp/hard/crtbegin.o
LOAD C:/ST/STM32CubeIDE_1.17.0/STM32CubeIDE/plugins/com.st.stm32cube.ide.mcu.externaltools.gnu-tools-for-stm32.12.3.rel1.win32_1.1.0.202410251130/tools/bin/../lib/gcc/arm-none-eabi/12.3.1/../../../../arm-none-eabi/lib/thumb/v7e-m+fp/hard/crt0.o
LOAD ./Core/Src/liquidcrystal_i2c.o
LOAD ./Core/Src/main.o
LOAD ./Core/Src/stm32f4xx_hal_msp.o
LOAD ./Core/Src/stm32f4xx_it.o
LOAD ./Core/Src/syscalls.o
LOAD ./Core/Src/sysmem.o
LOAD ./Core/Src/system_stm32f4xx.o
LOAD ./Core/Startup/startup_stm32f446retx.o
LOAD ./Drivers/STM32F4xx_HAL_Driver/Src/stm32f4xx_hal.o
LOAD ./Drivers/STM32F4xx_HAL_Driver/Src/stm32f4xx_hal_cortex.o
LOAD ./Drivers/STM32F4xx_HAL_Driver/Src/stm32f4xx_hal_dma.o
LOAD ./Drivers/STM32F4xx_HAL_Driver/Src/stm32f4xx_hal_dma_ex.o
LOAD ./Drivers/STM32F4xx_HAL_Driver/Src/stm32f4xx_hal_exti.o
LOAD ./Drivers/STM32F4xx_HAL_Driver/Src/stm32f4xx_hal_flash.o
LOAD ./Drivers/STM32F4xx_HAL_Driver/Src/stm32f4xx_hal_flash_ex.o
LOAD ./Drivers/STM32F4xx_HAL_Driver/Src/stm32f4xx_hal_flash_ramfunc.o
LOAD ./Drivers/STM32F4xx_HAL_Driver/Src/stm32f4xx_hal_gpio.o
LOAD ./Drivers/STM32F4xx_HAL_Driver/Src/stm32f4xx_hal_i2c.o
LOAD ./Drivers/STM32F4xx_HAL_Driver/Src/stm32f4xx_hal_i2c_ex.o
LOAD ./Drivers/STM32F4xx_HAL_Driver/Src/stm32f4xx_hal_pwr.o
LOAD ./Drivers/STM32F4xx_HAL_Driver/Src/stm32f4xx_hal_pwr_ex.o
LOAD ./Drivers/STM32F4xx_HAL_Driver/Src/stm32f4xx_hal_rcc.o
LOAD ./Drivers/STM32F4xx_HAL_Driver/Src/stm32f4xx_hal_rcc_ex.o
START GROUP
LOAD C:/ST/STM32CubeIDE_1.17.0/STM32CubeIDE/plugins/com.st.stm32cube.ide.mcu.externaltools.gnu-tools-for-stm32.12.3.rel1.win32_1.1.0.202410251130/tools/bin/../lib/gcc/arm-none-eabi/12.3.1/../../../../arm-none-eabi/lib/thumb/v7e-m+fp/hard\libc_nano.a
LOAD C:/ST/STM32CubeIDE_1.17.0/STM32CubeIDE/plugins/com.st.stm32cube.ide.mcu.externaltools.gnu-tools-for-stm32.12.3.rel1.win32_1.1.0.202410251130/tools/bin/../lib/gcc/arm-none-eabi/12.3.1/../../../../arm-none-eabi/lib/thumb/v7e-m+fp/hard\libm.a
END GROUP
START GROUP
LOAD C:/ST/STM32CubeIDE_1.17.0/STM32CubeIDE/plugins/com.st.stm32cube.ide.mcu.externaltools.gnu-tools-for-stm32.12.3.rel1.win32_1.1.0.202410251130/tools/bin/../lib/gcc/arm-none-eabi/12.3.1/thumb/v7e-m+fp/hard\libgcc.a
LOAD C:/ST/STM32CubeIDE_1.17.0/STM32CubeIDE/plugins/com.st.stm32cube.ide.mcu.externaltools.gnu-tools-for-stm32.12.3.rel1.win32_1.1.0.202410251130/tools/bin/../lib/gcc/arm-none-eabi/12.3.1/../../../../arm-none-eabi/lib/thumb/v7e-m+fp/hard\libc_nano.a
END GROUP
START GROUP
LOAD C:/ST/STM32CubeIDE_1.17.0/STM32CubeIDE/plugins/com.st.stm32cube.ide.mcu.externaltools.gnu-tools-for-stm32.12.3.rel1.win32_1.1.0.202410251130/tools/bin/../lib/gcc/arm-none-eabi/12.3.1/thumb/v7e-m+fp/hard\libgcc.a
LOAD C:/ST/STM32CubeIDE_1.17.0/STM32CubeIDE/plugins/com.st.stm32cube.ide.mcu.externaltools.gnu-tools-for-stm32.12.3.rel1.win32_1.1.0.202410251130/tools/bin/../lib/gcc/arm-none-eabi/12.3.1/../../../../arm-none-eabi/lib/thumb/v7e-m+fp/hard\libc_nano.a
LOAD C:/ST/STM32CubeIDE_1.17.0/STM32CubeIDE/plugins/com.st.stm32cube.ide.mcu.externaltools.gnu-tools-for-stm32.12.3.rel1.win32_1.1.0.202410251130/tools/bin/../lib/gcc/arm-none-eabi/12.3.1/../../../../arm-none-eabi/lib/thumb/v7e-m+fp/hard\libnosys.a
END GROUP
START GROUP
LOAD C:/ST/STM32CubeIDE_1.17.0/STM32CubeIDE/plugins/com.st.stm32cube.ide.mcu.externaltools.gnu-tools-for-stm32.12.3.rel1.win32_1.1.0.202410251130/tools/bin/../lib/gcc/arm-none-eabi/12.3.1/thumb/v7e-m+fp/hard\libgcc.a
LOAD C:/ST/STM32CubeIDE_1.17.0/STM32CubeIDE/plugins/com.st.stm32cube.ide.mcu.externaltools.gnu-tools-for-stm32.12.3.rel1.win32_1.1.0.202410251130/tools/bin/../lib/gcc/arm-none-eabi/12.3.1/../../../../arm-none-eabi/lib/thumb/v7e-m+fp/hard\libc_nano.a
LOAD C:/ST/STM32CubeIDE_1.17.0/STM32CubeIDE/plugins/com.st.stm32cube.ide.mcu.externaltools.gnu-tools-for-stm32.12.3.rel1.win32_1.1.0.202410251130/tools/bin/../lib/gcc/arm-none-eabi/12.3.1/../../../../arm-none-eabi/lib/thumb/v7e-m+fp/hard\libnosys.a
END GROUP
LOAD C:/ST/STM32CubeIDE_1.17.0/STM32CubeIDE/plugins/com.st.stm32cube.ide.mcu.externaltools.gnu-tools-for-stm32.12.3.rel1.win32_1.1.0.202410251130/tools/bin/../lib/gcc/arm-none-eabi/12.3.1/thumb/v7e-m+fp/hard/crtend.o
LOAD C:/ST/STM32CubeIDE_1.17.0/STM32CubeIDE/plugins/com.st.stm32cube.ide.mcu.externaltools.gnu-tools-for-stm32.12.3.rel1.win32_1.1.0.202410251130/tools/bin/../lib/gcc/arm-none-eabi/12.3.1/thumb/v7e-m+fp/hard/crtn.o
                0x20020000                        _estack = (ORIGIN (RAM) + LENGTH (RAM))
                0x00000200                        _Min_Heap_Size = 0x200
                0x00000400                        _Min_Stack_Size = 0x400

.isr_vector     0x08000000      0x1c4
                0x08000000                        . = ALIGN (0x4)
 *(.isr_vector)
 .isr_vector    0x08000000      0x1c4 ./Core/Startup/startup_stm32f446retx.o
                0x08000000                g_pfnVectors
                0x080001c4                        . = ALIGN (0x4)

.text           0x080001c4     0x27a4
                0x080001c4                        . = ALIGN (0x4)
 *(.text)
 .text          0x080001c4       0x40 C:/ST/STM32CubeIDE_1.17.0/STM32CubeIDE/plugins/com.st.stm32cube.ide.mcu.externaltools.gnu-tools-for-stm32.12.3.rel1.win32_1.1.0.202410251130/tools/bin/../lib/gcc/arm-none-eabi/12.3.1/thumb/v7e-m+fp/hard/crtbegin.o
 .text          0x08000204       0x30 C:/ST/STM32CubeIDE_1.17.0/STM32CubeIDE/plugins/com.st.stm32cube.ide.mcu.externaltools.gnu-tools-for-stm32.12.3.rel1.win32_1.1.0.202410251130/tools/bin/../lib/gcc/arm-none-eabi/12.3.1/thumb/v7e-m+fp/hard\libgcc.a(_aeabi_uldivmod.o)
                0x08000204                __aeabi_uldivmod
 .text          0x08000234      0x2bc C:/ST/STM32CubeIDE_1.17.0/STM32CubeIDE/plugins/com.st.stm32cube.ide.mcu.externaltools.gnu-tools-for-stm32.12.3.rel1.win32_1.1.0.202410251130/tools/bin/../lib/gcc/arm-none-eabi/12.3.1/thumb/v7e-m+fp/hard\libgcc.a(_udivmoddi4.o)
                0x08000234                __udivmoddi4
 .text          0x080004f0        0x4 C:/ST/STM32CubeIDE_1.17.0/STM32CubeIDE/plugins/com.st.stm32cube.ide.mcu.externaltools.gnu-tools-for-stm32.12.3.rel1.win32_1.1.0.202410251130/tools/bin/../lib/gcc/arm-none-eabi/12.3.1/thumb/v7e-m+fp/hard\libgcc.a(_dvmd_tls.o)
                0x080004f0                __aeabi_idiv0
                0x080004f0                __aeabi_ldiv0
 *(.text*)
 .text.HD44780_Init
                0x080004f4      0x108 ./Core/Src/liquidcrystal_i2c.o
                0x080004f4                HD44780_Init
 .text.HD44780_Clear
                0x080005fc       0x16 ./Core/Src/liquidcrystal_i2c.o
                0x080005fc                HD44780_Clear
 .text.HD44780_Home
                0x08000612       0x16 ./Core/Src/liquidcrystal_i2c.o
                0x08000612                HD44780_Home
 .text.HD44780_SetCursor
                0x08000628       0x64 ./Core/Src/liquidcrystal_i2c.o
                0x08000628                HD44780_SetCursor
 .text.HD44780_NoDisplay
                0x0800068c       0x2c ./Core/Src/liquidcrystal_i2c.o
                0x0800068c                HD44780_NoDisplay
 .text.HD44780_Display
                0x080006b8       0x2c ./Core/Src/liquidcrystal_i2c.o
                0x080006b8                HD44780_Display
 .text.HD44780_NoCursor
                0x080006e4       0x2c ./Core/Src/liquidcrystal_i2c.o
                0x080006e4                HD44780_NoCursor
 .text.HD44780_Cursor
                0x08000710       0x2c ./Core/Src/liquidcrystal_i2c.o
                0x08000710                HD44780_Cursor
 .text.HD44780_NoBlink
                0x0800073c       0x2c ./Core/Src/liquidcrystal_i2c.o
                0x0800073c                HD44780_NoBlink
 .text.HD44780_Blink
                0x08000768       0x2c ./Core/Src/liquidcrystal_i2c.o
                0x08000768                HD44780_Blink
 .text.HD44780_ScrollDisplayLeft
                0x08000794        0xe ./Core/Src/liquidcrystal_i2c.o
                0x08000794                HD44780_ScrollDisplayLeft
 .text.HD44780_CreateSpecialChar
                0x080007a2       0x52 ./Core/Src/liquidcrystal_i2c.o
                0x080007a2                HD44780_CreateSpecialChar
 .text.HD44780_PrintStr
                0x080007f4       0x2a ./Core/Src/liquidcrystal_i2c.o
                0x080007f4                HD44780_PrintStr
 *fill*         0x0800081e        0x2 
 .text.HD44780_NoBacklight
                0x08000820       0x18 ./Core/Src/liquidcrystal_i2c.o
                0x08000820                HD44780_NoBacklight
 .text.HD44780_Backlight
                0x08000838       0x18 ./Core/Src/liquidcrystal_i2c.o
                0x08000838                HD44780_Backlight
 .text.SendCommand
                0x08000850       0x1c ./Core/Src/liquidcrystal_i2c.o
 .text.SendChar
                0x0800086c       0x1c ./Core/Src/liquidcrystal_i2c.o
 .text.Send     0x08000888       0x42 ./Core/Src/liquidcrystal_i2c.o
 .text.Write4Bits
                0x080008ca       0x22 ./Core/Src/liquidcrystal_i2c.o
 .text.ExpanderWrite
                0x080008ec       0x38 ./Core/Src/liquidcrystal_i2c.o
 .text.PulseEnable
                0x08000924       0x3a ./Core/Src/liquidcrystal_i2c.o
 *fill*         0x0800095e        0x2 
 .text.DelayInit
                0x08000960       0x54 ./Core/Src/liquidcrystal_i2c.o
 .text.DelayUS  0x080009b4       0x50 ./Core/Src/liquidcrystal_i2c.o
 .text.main     0x08000a04      0x130 ./Core/Src/main.o
                0x08000a04                main
 .text.SystemClock_Config
                0x08000b34       0xc0 ./Core/Src/main.o
                0x08000b34                SystemClock_Config
 .text.MX_I2C1_Init
                0x08000bf4       0x5c ./Core/Src/main.o
 .text.MX_GPIO_Init
                0x08000c50       0x34 ./Core/Src/main.o
 .text.Error_Handler
                0x08000c84        0xc ./Core/Src/main.o
                0x08000c84                Error_Handler
 .text.HAL_MspInit
                0x08000c90       0x50 ./Core/Src/stm32f4xx_hal_msp.o
                0x08000c90                HAL_MspInit
 .text.HAL_I2C_MspInit
                0x08000ce0       0x90 ./Core/Src/stm32f4xx_hal_msp.o
                0x08000ce0                HAL_I2C_MspInit
 .text.NMI_Handler
                0x08000d70        0x8 ./Core/Src/stm32f4xx_it.o
                0x08000d70                NMI_Handler
 .text.HardFault_Handler
                0x08000d78        0x8 ./Core/Src/stm32f4xx_it.o
                0x08000d78                HardFault_Handler
 .text.MemManage_Handler
                0x08000d80        0x8 ./Core/Src/stm32f4xx_it.o
                0x08000d80                MemManage_Handler
 .text.BusFault_Handler
                0x08000d88        0x8 ./Core/Src/stm32f4xx_it.o
                0x08000d88                BusFault_Handler
 .text.UsageFault_Handler
                0x08000d90        0x8 ./Core/Src/stm32f4xx_it.o
                0x08000d90                UsageFault_Handler
 .text.SVC_Handler
                0x08000d98        0xe ./Core/Src/stm32f4xx_it.o
                0x08000d98                SVC_Handler
 .text.DebugMon_Handler
                0x08000da6        0xe ./Core/Src/stm32f4xx_it.o
                0x08000da6                DebugMon_Handler
 .text.PendSV_Handler
                0x08000db4        0xe ./Core/Src/stm32f4xx_it.o
                0x08000db4                PendSV_Handler
 .text.SysTick_Handler
                0x08000dc2        0xc ./Core/Src/stm32f4xx_it.o
                0x08000dc2                SysTick_Handler
 *fill*         0x08000dce        0x2 
 .text.SystemInit
                0x08000dd0       0x24 ./Core/Src/system_stm32f4xx.o
                0x08000dd0                SystemInit
 .text.Reset_Handler
                0x08000df4       0x50 ./Core/Startup/startup_stm32f446retx.o
                0x08000df4                Reset_Handler
 .text.Default_Handler
                0x08000e44        0x2 ./Core/Startup/startup_stm32f446retx.o
                0x08000e44                RTC_Alarm_IRQHandler
                0x08000e44                EXTI2_IRQHandler
                0x08000e44                TIM8_CC_IRQHandler
                0x08000e44                FMPI2C1_EV_IRQHandler
                0x08000e44                SPI4_IRQHandler
                0x08000e44                TIM1_CC_IRQHandler
                0x08000e44                DMA2_Stream5_IRQHandler
                0x08000e44                DMA1_Stream5_IRQHandler
                0x08000e44                PVD_IRQHandler
                0x08000e44                SDIO_IRQHandler
                0x08000e44                TAMP_STAMP_IRQHandler
                0x08000e44                CAN2_RX1_IRQHandler
                0x08000e44                EXTI3_IRQHandler
                0x08000e44                TIM8_TRG_COM_TIM14_IRQHandler
                0x08000e44                TIM1_UP_TIM10_IRQHandler
                0x08000e44                TIM8_UP_TIM13_IRQHandler
                0x08000e44                I2C3_ER_IRQHandler
                0x08000e44                EXTI0_IRQHandler
                0x08000e44                I2C2_EV_IRQHandler
                0x08000e44                DMA1_Stream2_IRQHandler
                0x08000e44                CAN1_RX0_IRQHandler
                0x08000e44                FPU_IRQHandler
                0x08000e44                OTG_HS_WKUP_IRQHandler
                0x08000e44                CAN2_SCE_IRQHandler
                0x08000e44                DMA2_Stream2_IRQHandler
                0x08000e44                SPI1_IRQHandler
                0x08000e44                TIM6_DAC_IRQHandler
                0x08000e44                TIM1_BRK_TIM9_IRQHandler
                0x08000e44                DCMI_IRQHandler
                0x08000e44                CAN2_RX0_IRQHandler
                0x08000e44                DMA2_Stream3_IRQHandler
                0x08000e44                SAI2_IRQHandler
                0x08000e44                USART6_IRQHandler
                0x08000e44                USART3_IRQHandler
                0x08000e44                CAN1_RX1_IRQHandler
                0x08000e44                UART5_IRQHandler
                0x08000e44                DMA2_Stream0_IRQHandler
                0x08000e44                TIM4_IRQHandler
                0x08000e44                QUADSPI_IRQHandler
                0x08000e44                I2C1_EV_IRQHandler
                0x08000e44                DMA1_Stream6_IRQHandler
                0x08000e44                DMA1_Stream1_IRQHandler
                0x08000e44                UART4_IRQHandler
                0x08000e44                TIM3_IRQHandler
                0x08000e44                RCC_IRQHandler
                0x08000e44                TIM8_BRK_TIM12_IRQHandler
                0x08000e44                Default_Handler
                0x08000e44                CEC_IRQHandler
                0x08000e44                EXTI15_10_IRQHandler
                0x08000e44                ADC_IRQHandler
                0x08000e44                DMA1_Stream7_IRQHandler
                0x08000e44                TIM7_IRQHandler
                0x08000e44                CAN2_TX_IRQHandler
                0x08000e44                TIM5_IRQHandler
                0x08000e44                DMA2_Stream7_IRQHandler
                0x08000e44                I2C3_EV_IRQHandler
                0x08000e44                EXTI9_5_IRQHandler
                0x08000e44                RTC_WKUP_IRQHandler
                0x08000e44                SPDIF_RX_IRQHandler
                0x08000e44                SPI2_IRQHandler
                0x08000e44                OTG_HS_EP1_IN_IRQHandler
                0x08000e44                DMA1_Stream0_IRQHandler
                0x08000e44                CAN1_TX_IRQHandler
                0x08000e44                FMPI2C1_ER_IRQHandler
                0x08000e44                EXTI4_IRQHandler
                0x08000e44                OTG_HS_EP1_OUT_IRQHandler
                0x08000e44                WWDG_IRQHandler
                0x08000e44                TIM2_IRQHandler
                0x08000e44                OTG_FS_WKUP_IRQHandler
                0x08000e44                TIM1_TRG_COM_TIM11_IRQHandler
                0x08000e44                OTG_HS_IRQHandler
                0x08000e44                EXTI1_IRQHandler
                0x08000e44                USART2_IRQHandler
                0x08000e44                I2C2_ER_IRQHandler
                0x08000e44                DMA2_Stream1_IRQHandler
                0x08000e44                CAN1_SCE_IRQHandler
                0x08000e44                FLASH_IRQHandler
                0x08000e44                DMA2_Stream4_IRQHandler
                0x08000e44                USART1_IRQHandler
                0x08000e44                OTG_FS_IRQHandler
                0x08000e44                SPI3_IRQHandler
                0x08000e44                DMA1_Stream4_IRQHandler
                0x08000e44                I2C1_ER_IRQHandler
                0x08000e44                FMC_IRQHandler
                0x08000e44                DMA2_Stream6_IRQHandler
                0x08000e44                SAI1_IRQHandler
                0x08000e44                DMA1_Stream3_IRQHandler
 *fill*         0x08000e46        0x2 
 .text.HAL_Init
                0x08000e48       0x44 ./Drivers/STM32F4xx_HAL_Driver/Src/stm32f4xx_hal.o
                0x08000e48                HAL_Init
 .text.HAL_InitTick
                0x08000e8c       0x60 ./Drivers/STM32F4xx_HAL_Driver/Src/stm32f4xx_hal.o
                0x08000e8c                HAL_InitTick
 .text.HAL_IncTick
                0x08000eec       0x28 ./Drivers/STM32F4xx_HAL_Driver/Src/stm32f4xx_hal.o
                0x08000eec                HAL_IncTick
 .text.HAL_GetTick
                0x08000f14       0x18 ./Drivers/STM32F4xx_HAL_Driver/Src/stm32f4xx_hal.o
                0x08000f14                HAL_GetTick
 .text.HAL_Delay
                0x08000f2c       0x48 ./Drivers/STM32F4xx_HAL_Driver/Src/stm32f4xx_hal.o
                0x08000f2c                HAL_Delay
 .text.__NVIC_SetPriorityGrouping
                0x08000f74       0x48 ./Drivers/STM32F4xx_HAL_Driver/Src/stm32f4xx_hal_cortex.o
 .text.__NVIC_GetPriorityGrouping
                0x08000fbc       0x1c ./Drivers/STM32F4xx_HAL_Driver/Src/stm32f4xx_hal_cortex.o
 .text.__NVIC_SetPriority
                0x08000fd8       0x54 ./Drivers/STM32F4xx_HAL_Driver/Src/stm32f4xx_hal_cortex.o
 .text.NVIC_EncodePriority
                0x0800102c       0x66 ./Drivers/STM32F4xx_HAL_Driver/Src/stm32f4xx_hal_cortex.o
 *fill*         0x08001092        0x2 
 .text.SysTick_Config
                0x08001094       0x44 ./Drivers/STM32F4xx_HAL_Driver/Src/stm32f4xx_hal_cortex.o
 .text.HAL_NVIC_SetPriorityGrouping
                0x080010d8       0x16 ./Drivers/STM32F4xx_HAL_Driver/Src/stm32f4xx_hal_cortex.o
                0x080010d8                HAL_NVIC_SetPriorityGrouping
 .text.HAL_NVIC_SetPriority
                0x080010ee       0x38 ./Drivers/STM32F4xx_HAL_Driver/Src/stm32f4xx_hal_cortex.o
                0x080010ee                HAL_NVIC_SetPriority
 .text.HAL_SYSTICK_Config
                0x08001126       0x18 ./Drivers/STM32F4xx_HAL_Driver/Src/stm32f4xx_hal_cortex.o
                0x08001126                HAL_SYSTICK_Config
 *fill*         0x0800113e        0x2 
 .text.HAL_GPIO_Init
                0x08001140      0x328 ./Drivers/STM32F4xx_HAL_Driver/Src/stm32f4xx_hal_gpio.o
                0x08001140                HAL_GPIO_Init
 .text.HAL_I2C_Init
                0x08001468      0x288 ./Drivers/STM32F4xx_HAL_Driver/Src/stm32f4xx_hal_i2c.o
                0x08001468                HAL_I2C_Init
 .text.HAL_I2C_Master_Transmit
                0x080016f0      0x1fc ./Drivers/STM32F4xx_HAL_Driver/Src/stm32f4xx_hal_i2c.o
                0x080016f0                HAL_I2C_Master_Transmit
 .text.I2C_MasterRequestWrite
                0x080018ec      0x104 ./Drivers/STM32F4xx_HAL_Driver/Src/stm32f4xx_hal_i2c.o
 .text.I2C_WaitOnFlagUntilTimeout
                0x080019f0       0xf4 ./Drivers/STM32F4xx_HAL_Driver/Src/stm32f4xx_hal_i2c.o
 .text.I2C_WaitOnMasterAddressFlagUntilTimeout
                0x08001ae4      0x140 ./Drivers/STM32F4xx_HAL_Driver/Src/stm32f4xx_hal_i2c.o
 .text.I2C_WaitOnTXEFlagUntilTimeout
                0x08001c24       0x90 ./Drivers/STM32F4xx_HAL_Driver/Src/stm32f4xx_hal_i2c.o
 .text.I2C_WaitOnBTFFlagUntilTimeout
                0x08001cb4       0x90 ./Drivers/STM32F4xx_HAL_Driver/Src/stm32f4xx_hal_i2c.o
 .text.I2C_IsAcknowledgeFailed
                0x08001d44       0x5e ./Drivers/STM32F4xx_HAL_Driver/Src/stm32f4xx_hal_i2c.o
 *fill*         0x08001da2        0x2 
 .text.HAL_RCC_ClockConfig
                0x08001da4      0x1cc ./Drivers/STM32F4xx_HAL_Driver/Src/stm32f4xx_hal_rcc.o
                0x08001da4                HAL_RCC_ClockConfig
 .text.HAL_RCC_GetHCLKFreq
                0x08001f70       0x18 ./Drivers/STM32F4xx_HAL_Driver/Src/stm32f4xx_hal_rcc.o
                0x08001f70                HAL_RCC_GetHCLKFreq
 .text.HAL_RCC_GetPCLK1Freq
                0x08001f88       0x28 ./Drivers/STM32F4xx_HAL_Driver/Src/stm32f4xx_hal_rcc.o
                0x08001f88                HAL_RCC_GetPCLK1Freq
 .text.HAL_RCC_GetSysClockFreq
                0x08001fb0      0x354 ./Drivers/STM32F4xx_HAL_Driver/Src/stm32f4xx_hal_rcc_ex.o
                0x08001fb0                HAL_RCC_GetSysClockFreq
 .text.HAL_RCC_OscConfig
                0x08002304      0x53c ./Drivers/STM32F4xx_HAL_Driver/Src/stm32f4xx_hal_rcc_ex.o
                0x08002304                HAL_RCC_OscConfig
 .text.__itoa   0x08002840       0x30 C:/ST/STM32CubeIDE_1.17.0/STM32CubeIDE/plugins/com.st.stm32cube.ide.mcu.externaltools.gnu-tools-for-stm32.12.3.rel1.win32_1.1.0.202410251130/tools/bin/../lib/gcc/arm-none-eabi/12.3.1/../../../../arm-none-eabi/lib/thumb/v7e-m+fp/hard\libc_nano.a(libc_a-itoa.o)
                0x08002840                __itoa
 .text.itoa     0x08002870        0x4 C:/ST/STM32CubeIDE_1.17.0/STM32CubeIDE/plugins/com.st.stm32cube.ide.mcu.externaltools.gnu-tools-for-stm32.12.3.rel1.win32_1.1.0.202410251130/tools/bin/../lib/gcc/arm-none-eabi/12.3.1/../../../../arm-none-eabi/lib/thumb/v7e-m+fp/hard\libc_nano.a(libc_a-itoa.o)
                0x08002870                itoa
 .text.__utoa   0x08002874       0x84 C:/ST/STM32CubeIDE_1.17.0/STM32CubeIDE/plugins/com.st.stm32cube.ide.mcu.externaltools.gnu-tools-for-stm32.12.3.rel1.win32_1.1.0.202410251130/tools/bin/../lib/gcc/arm-none-eabi/12.3.1/../../../../arm-none-eabi/lib/thumb/v7e-m+fp/hard\libc_nano.a(libc_a-utoa.o)
                0x08002874                __utoa
 .text.memset   0x080028f8       0x10 C:/ST/STM32CubeIDE_1.17.0/STM32CubeIDE/plugins/com.st.stm32cube.ide.mcu.externaltools.gnu-tools-for-stm32.12.3.rel1.win32_1.1.0.202410251130/tools/bin/../lib/gcc/arm-none-eabi/12.3.1/../../../../arm-none-eabi/lib/thumb/v7e-m+fp/hard\libc_nano.a(libc_a-memset.o)
                0x080028f8                memset
 .text.__libc_init_array
                0x08002908       0x48 C:/ST/STM32CubeIDE_1.17.0/STM32CubeIDE/plugins/com.st.stm32cube.ide.mcu.externaltools.gnu-tools-for-stm32.12.3.rel1.win32_1.1.0.202410251130/tools/bin/../lib/gcc/arm-none-eabi/12.3.1/../../../../arm-none-eabi/lib/thumb/v7e-m+fp/hard\libc_nano.a(libc_a-init.o)
                0x08002908                __libc_init_array
 *(.glue_7)
 .glue_7        0x08002950        0x0 linker stubs
 *(.glue_7t)
 .glue_7t       0x08002950        0x0 linker stubs
 *(.eh_frame)
 .eh_frame      0x08002950        0x0 C:/ST/STM32CubeIDE_1.17.0/STM32CubeIDE/plugins/com.st.stm32cube.ide.mcu.externaltools.gnu-tools-for-stm32.12.3.rel1.win32_1.1.0.202410251130/tools/bin/../lib/gcc/arm-none-eabi/12.3.1/thumb/v7e-m+fp/hard/crtbegin.o
 *(.init)
 .init          0x08002950        0x4 C:/ST/STM32CubeIDE_1.17.0/STM32CubeIDE/plugins/com.st.stm32cube.ide.mcu.externaltools.gnu-tools-for-stm32.12.3.rel1.win32_1.1.0.202410251130/tools/bin/../lib/gcc/arm-none-eabi/12.3.1/thumb/v7e-m+fp/hard/crti.o
                0x08002950                _init
 .init          0x08002954        0x8 C:/ST/STM32CubeIDE_1.17.0/STM32CubeIDE/plugins/com.st.stm32cube.ide.mcu.externaltools.gnu-tools-for-stm32.12.3.rel1.win32_1.1.0.202410251130/tools/bin/../lib/gcc/arm-none-eabi/12.3.1/thumb/v7e-m+fp/hard/crtn.o
 *(.fini)
 .fini          0x0800295c        0x4 C:/ST/STM32CubeIDE_1.17.0/STM32CubeIDE/plugins/com.st.stm32cube.ide.mcu.externaltools.gnu-tools-for-stm32.12.3.rel1.win32_1.1.0.202410251130/tools/bin/../lib/gcc/arm-none-eabi/12.3.1/thumb/v7e-m+fp/hard/crti.o
                0x0800295c                _fini
 .fini          0x08002960        0x8 C:/ST/STM32CubeIDE_1.17.0/STM32CubeIDE/plugins/com.st.stm32cube.ide.mcu.externaltools.gnu-tools-for-stm32.12.3.rel1.win32_1.1.0.202410251130/tools/bin/../lib/gcc/arm-none-eabi/12.3.1/thumb/v7e-m+fp/hard/crtn.o
                0x08002968                        . = ALIGN (0x4)
                0x08002968                        _etext = .

.vfp11_veneer   0x08002968        0x0
 .vfp11_veneer  0x08002968        0x0 linker stubs

.v4_bx          0x08002968        0x0
 .v4_bx         0x08002968        0x0 linker stubs

.iplt           0x08002968        0x0
 .iplt          0x08002968        0x0 C:/ST/STM32CubeIDE_1.17.0/STM32CubeIDE/plugins/com.st.stm32cube.ide.mcu.externaltools.gnu-tools-for-stm32.12.3.rel1.win32_1.1.0.202410251130/tools/bin/../lib/gcc/arm-none-eabi/12.3.1/thumb/v7e-m+fp/hard/crtbegin.o

.rodata         0x08002968       0x84
                0x08002968                        . = ALIGN (0x4)
 *(.rodata)
 .rodata        0x08002968       0x10 ./Core/Src/liquidcrystal_i2c.o
 .rodata        0x08002978       0x33 ./Core/Src/main.o
 *(.rodata*)
 *fill*         0x080029ab        0x1 
 .rodata.AHBPrescTable
                0x080029ac       0x10 ./Core/Src/system_stm32f4xx.o
                0x080029ac                AHBPrescTable
 .rodata.APBPrescTable
                0x080029bc        0x8 ./Core/Src/system_stm32f4xx.o
                0x080029bc                APBPrescTable
 .rodata.__utoa.str1.1
                0x080029c4       0x25 C:/ST/STM32CubeIDE_1.17.0/STM32CubeIDE/plugins/com.st.stm32cube.ide.mcu.externaltools.gnu-tools-for-stm32.12.3.rel1.win32_1.1.0.202410251130/tools/bin/../lib/gcc/arm-none-eabi/12.3.1/../../../../arm-none-eabi/lib/thumb/v7e-m+fp/hard\libc_nano.a(libc_a-utoa.o)
                0x080029ec                        . = ALIGN (0x4)
 *fill*         0x080029e9        0x3 

.ARM.extab      0x080029ec        0x0
                0x080029ec                        . = ALIGN (0x4)
 *(.ARM.extab* .gnu.linkonce.armextab.*)
                0x080029ec                        . = ALIGN (0x4)

.ARM            0x080029ec        0x8
                0x080029ec                        . = ALIGN (0x4)
                0x080029ec                        __exidx_start = .
 *(.ARM.exidx*)
 .ARM.exidx     0x080029ec        0x8 C:/ST/STM32CubeIDE_1.17.0/STM32CubeIDE/plugins/com.st.stm32cube.ide.mcu.externaltools.gnu-tools-for-stm32.12.3.rel1.win32_1.1.0.202410251130/tools/bin/../lib/gcc/arm-none-eabi/12.3.1/thumb/v7e-m+fp/hard\libgcc.a(_udivmoddi4.o)
                0x080029f4                        __exidx_end = .
                0x080029f4                        . = ALIGN (0x4)

.preinit_array  0x080029f4        0x0
                0x080029f4                        . = ALIGN (0x4)
                0x080029f4                        PROVIDE (__preinit_array_start = .)
 *(.preinit_array*)
                0x080029f4                        PROVIDE (__preinit_array_end = .)
                0x080029f4                        . = ALIGN (0x4)

.init_array     0x080029f4        0x4
                0x080029f4                        . = ALIGN (0x4)
                0x080029f4                        PROVIDE (__init_array_start = .)
 *(SORT_BY_NAME(.init_array.*))
 *(.init_array*)
 .init_array    0x080029f4        0x4 C:/ST/STM32CubeIDE_1.17.0/STM32CubeIDE/plugins/com.st.stm32cube.ide.mcu.externaltools.gnu-tools-for-stm32.12.3.rel1.win32_1.1.0.202410251130/tools/bin/../lib/gcc/arm-none-eabi/12.3.1/thumb/v7e-m+fp/hard/crtbegin.o
                0x080029f8                        PROVIDE (__init_array_end = .)
                0x080029f8                        . = ALIGN (0x4)

.fini_array     0x080029f8        0x4
                0x080029f8                        . = ALIGN (0x4)
                [!provide]                        PROVIDE (__fini_array_start = .)
 *(SORT_BY_NAME(.fini_array.*))
 *(.fini_array*)
 .fini_array    0x080029f8        0x4 C:/ST/STM32CubeIDE_1.17.0/STM32CubeIDE/plugins/com.st.stm32cube.ide.mcu.externaltools.gnu-tools-for-stm32.12.3.rel1.win32_1.1.0.202410251130/tools/bin/../lib/gcc/arm-none-eabi/12.3.1/thumb/v7e-m+fp/hard/crtbegin.o
                [!provide]                        PROVIDE (__fini_array_end = .)
                0x080029fc                        . = ALIGN (0x4)
                0x080029fc                        _sidata = LOADADDR (.data)

.rel.dyn        0x080029fc        0x0
 .rel.iplt      0x080029fc        0x0 C:/ST/STM32CubeIDE_1.17.0/STM32CubeIDE/plugins/com.st.stm32cube.ide.mcu.externaltools.gnu-tools-for-stm32.12.3.rel1.win32_1.1.0.202410251130/tools/bin/../lib/gcc/arm-none-eabi/12.3.1/thumb/v7e-m+fp/hard/crtbegin.o

.data           0x20000000       0x1c load address 0x080029fc
                0x20000000                        . = ALIGN (0x4)
                0x20000000                        _sdata = .
 *(.data)
 *(.data*)
 .data.special1
                0x20000000        0x8 ./Core/Src/liquidcrystal_i2c.o
                0x20000000                special1
 .data.special2
                0x20000008        0x8 ./Core/Src/liquidcrystal_i2c.o
                0x20000008                special2
 .data.SystemCoreClock
                0x20000010        0x4 ./Core/Src/system_stm32f4xx.o
                0x20000010                SystemCoreClock
 .data.uwTickPrio
                0x20000014        0x4 ./Drivers/STM32F4xx_HAL_Driver/Src/stm32f4xx_hal.o
                0x20000014                uwTickPrio
 .data.uwTickFreq
                0x20000018        0x1 ./Drivers/STM32F4xx_HAL_Driver/Src/stm32f4xx_hal.o
                0x20000018                uwTickFreq
 *(.RamFunc)
 *(.RamFunc*)
                0x2000001c                        . = ALIGN (0x4)
 *fill*         0x20000019        0x3 
                0x2000001c                        _edata = .

.igot.plt       0x2000001c        0x0 load address 0x08002a18
 .igot.plt      0x2000001c        0x0 C:/ST/STM32CubeIDE_1.17.0/STM32CubeIDE/plugins/com.st.stm32cube.ide.mcu.externaltools.gnu-tools-for-stm32.12.3.rel1.win32_1.1.0.202410251130/tools/bin/../lib/gcc/arm-none-eabi/12.3.1/thumb/v7e-m+fp/hard/crtbegin.o
                0x2000001c                        . = ALIGN (0x4)

.bss            0x2000001c       0x7c load address 0x08002a18
                0x2000001c                        _sbss = .
                0x2000001c                        __bss_start__ = _sbss
 *(.bss)
 .bss           0x2000001c       0x1c C:/ST/STM32CubeIDE_1.17.0/STM32CubeIDE/plugins/com.st.stm32cube.ide.mcu.externaltools.gnu-tools-for-stm32.12.3.rel1.win32_1.1.0.202410251130/tools/bin/../lib/gcc/arm-none-eabi/12.3.1/thumb/v7e-m+fp/hard/crtbegin.o
 *(.bss*)
 .bss.dpFunction
                0x20000038        0x1 ./Core/Src/liquidcrystal_i2c.o
                0x20000038                dpFunction
 .bss.dpControl
                0x20000039        0x1 ./Core/Src/liquidcrystal_i2c.o
                0x20000039                dpControl
 .bss.dpMode    0x2000003a        0x1 ./Core/Src/liquidcrystal_i2c.o
                0x2000003a                dpMode
 .bss.dpRows    0x2000003b        0x1 ./Core/Src/liquidcrystal_i2c.o
                0x2000003b                dpRows
 .bss.dpBacklight
                0x2000003c        0x1 ./Core/Src/liquidcrystal_i2c.o
                0x2000003c                dpBacklight
 *fill*         0x2000003d        0x3 
 .bss.hi2c1     0x20000040       0x54 ./Core/Src/main.o
                0x20000040                hi2c1
 .bss.uwTick    0x20000094        0x4 ./Drivers/STM32F4xx_HAL_Driver/Src/stm32f4xx_hal.o
                0x20000094                uwTick
 *(COMMON)
                0x20000098                        . = ALIGN (0x4)
                0x20000098                        _ebss = .
                0x20000098                        __bss_end__ = _ebss

._user_heap_stack
                0x20000098      0x600 load address 0x08002a18
                0x20000098                        . = ALIGN (0x8)
                [!provide]                        PROVIDE (end = .)
                0x20000098                        PROVIDE (_end = .)
                0x20000298                        . = (. + _Min_Heap_Size)
 *fill*         0x20000098      0x200 
                0x20000698                        . = (. + _Min_Stack_Size)
 *fill*         0x20000298      0x400 
                0x20000698                        . = ALIGN (0x8)

/DISCARD/
 libc.a(*)
 libm.a(*)
 libgcc.a(*)

.ARM.attributes
                0x00000000       0x30
 *(.ARM.attributes)
 .ARM.attributes
                0x00000000       0x22 C:/ST/STM32CubeIDE_1.17.0/STM32CubeIDE/plugins/com.st.stm32cube.ide.mcu.externaltools.gnu-tools-for-stm32.12.3.rel1.win32_1.1.0.202410251130/tools/bin/../lib/gcc/arm-none-eabi/12.3.1/thumb/v7e-m+fp/hard/crti.o
 .ARM.attributes
                0x00000022       0x34 C:/ST/STM32CubeIDE_1.17.0/STM32CubeIDE/plugins/com.st.stm32cube.ide.mcu.externaltools.gnu-tools-for-stm32.12.3.rel1.win32_1.1.0.202410251130/tools/bin/../lib/gcc/arm-none-eabi/12.3.1/thumb/v7e-m+fp/hard/crtbegin.o
 .ARM.attributes
                0x00000056       0x34 ./Core/Src/liquidcrystal_i2c.o
 .ARM.attributes
                0x0000008a       0x34 ./Core/Src/main.o
 .ARM.attributes
                0x000000be       0x34 ./Core/Src/stm32f4xx_hal_msp.o
 .ARM.attributes
                0x000000f2       0x34 ./Core/Src/stm32f4xx_it.o
 .ARM.attributes
                0x00000126       0x34 ./Core/Src/system_stm32f4xx.o
 .ARM.attributes
                0x0000015a       0x21 ./Core/Startup/startup_stm32f446retx.o
 .ARM.attributes
                0x0000017b       0x34 ./Drivers/STM32F4xx_HAL_Driver/Src/stm32f4xx_hal.o
 .ARM.attributes
                0x000001af       0x34 ./Drivers/STM32F4xx_HAL_Driver/Src/stm32f4xx_hal_cortex.o
 .ARM.attributes
                0x000001e3       0x34 ./Drivers/STM32F4xx_HAL_Driver/Src/stm32f4xx_hal_gpio.o
 .ARM.attributes
                0x00000217       0x34 ./Drivers/STM32F4xx_HAL_Driver/Src/stm32f4xx_hal_i2c.o
 .ARM.attributes
                0x0000024b       0x34 ./Drivers/STM32F4xx_HAL_Driver/Src/stm32f4xx_hal_rcc.o
 .ARM.attributes
                0x0000027f       0x34 ./Drivers/STM32F4xx_HAL_Driver/Src/stm32f4xx_hal_rcc_ex.o
 .ARM.attributes
                0x000002b3       0x34 C:/ST/STM32CubeIDE_1.17.0/STM32CubeIDE/plugins/com.st.stm32cube.ide.mcu.externaltools.gnu-tools-for-stm32.12.3.rel1.win32_1.1.0.202410251130/tools/bin/../lib/gcc/arm-none-eabi/12.3.1/../../../../arm-none-eabi/lib/thumb/v7e-m+fp/hard\libc_nano.a(libc_a-itoa.o)
 .ARM.attributes
                0x000002e7       0x34 C:/ST/STM32CubeIDE_1.17.0/STM32CubeIDE/plugins/com.st.stm32cube.ide.mcu.externaltools.gnu-tools-for-stm32.12.3.rel1.win32_1.1.0.202410251130/tools/bin/../lib/gcc/arm-none-eabi/12.3.1/../../../../arm-none-eabi/lib/thumb/v7e-m+fp/hard\libc_nano.a(libc_a-utoa.o)
 .ARM.attributes
                0x0000031b       0x34 C:/ST/STM32CubeIDE_1.17.0/STM32CubeIDE/plugins/com.st.stm32cube.ide.mcu.externaltools.gnu-tools-for-stm32.12.3.rel1.win32_1.1.0.202410251130/tools/bin/../lib/gcc/arm-none-eabi/12.3.1/../../../../arm-none-eabi/lib/thumb/v7e-m+fp/hard\libc_nano.a(libc_a-memset.o)
 .ARM.attributes
                0x0000034f       0x34 C:/ST/STM32CubeIDE_1.17.0/STM32CubeIDE/plugins/com.st.stm32cube.ide.mcu.externaltools.gnu-tools-for-stm32.12.3.rel1.win32_1.1.0.202410251130/tools/bin/../lib/gcc/arm-none-eabi/12.3.1/../../../../arm-none-eabi/lib/thumb/v7e-m+fp/hard\libc_nano.a(libc_a-init.o)
 .ARM.attributes
                0x00000383       0x22 C:/ST/STM32CubeIDE_1.17.0/STM32CubeIDE/plugins/com.st.stm32cube.ide.mcu.externaltools.gnu-tools-for-stm32.12.3.rel1.win32_1.1.0.202410251130/tools/bin/../lib/gcc/arm-none-eabi/12.3.1/thumb/v7e-m+fp/hard\libgcc.a(_aeabi_uldivmod.o)
 .ARM.attributes
                0x000003a5       0x34 C:/ST/STM32CubeIDE_1.17.0/STM32CubeIDE/plugins/com.st.stm32cube.ide.mcu.externaltools.gnu-tools-for-stm32.12.3.rel1.win32_1.1.0.202410251130/tools/bin/../lib/gcc/arm-none-eabi/12.3.1/thumb/v7e-m+fp/hard\libgcc.a(_udivmoddi4.o)
 .ARM.attributes
                0x000003d9       0x22 C:/ST/STM32CubeIDE_1.17.0/STM32CubeIDE/plugins/com.st.stm32cube.ide.mcu.externaltools.gnu-tools-for-stm32.12.3.rel1.win32_1.1.0.202410251130/tools/bin/../lib/gcc/arm-none-eabi/12.3.1/thumb/v7e-m+fp/hard\libgcc.a(_dvmd_tls.o)
 .ARM.attributes
                0x000003fb       0x22 C:/ST/STM32CubeIDE_1.17.0/STM32CubeIDE/plugins/com.st.stm32cube.ide.mcu.externaltools.gnu-tools-for-stm32.12.3.rel1.win32_1.1.0.202410251130/tools/bin/../lib/gcc/arm-none-eabi/12.3.1/thumb/v7e-m+fp/hard/crtn.o
OUTPUT(LCD-Test.elf elf32-littlearm)
LOAD linker stubs
LOAD C:/ST/STM32CubeIDE_1.17.0/STM32CubeIDE/plugins/com.st.stm32cube.ide.mcu.externaltools.gnu-tools-for-stm32.12.3.rel1.win32_1.1.0.202410251130/tools/bin/../lib/gcc/arm-none-eabi/12.3.1/../../../../arm-none-eabi/lib/thumb/v7e-m+fp/hard\libc.a
LOAD C:/ST/STM32CubeIDE_1.17.0/STM32CubeIDE/plugins/com.st.stm32cube.ide.mcu.externaltools.gnu-tools-for-stm32.12.3.rel1.win32_1.1.0.202410251130/tools/bin/../lib/gcc/arm-none-eabi/12.3.1/../../../../arm-none-eabi/lib/thumb/v7e-m+fp/hard\libm.a
LOAD C:/ST/STM32CubeIDE_1.17.0/STM32CubeIDE/plugins/com.st.stm32cube.ide.mcu.externaltools.gnu-tools-for-stm32.12.3.rel1.win32_1.1.0.202410251130/tools/bin/../lib/gcc/arm-none-eabi/12.3.1/thumb/v7e-m+fp/hard\libgcc.a

.debug_info     0x00000000     0x7cef
 .debug_info    0x00000000      0xc72 ./Core/Src/liquidcrystal_i2c.o
 .debug_info    0x00000c72      0xbd0 ./Core/Src/main.o
 .debug_info    0x00001842      0x970 ./Core/Src/stm32f4xx_hal_msp.o
 .debug_info    0x000021b2      0x112 ./Core/Src/stm32f4xx_it.o
 .debug_info    0x000022c4      0x54a ./Core/Src/system_stm32f4xx.o
 .debug_info    0x0000280e       0x30 ./Core/Startup/startup_stm32f446retx.o
 .debug_info    0x0000283e      0x99a ./Drivers/STM32F4xx_HAL_Driver/Src/stm32f4xx_hal.o
 .debug_info    0x000031d8      0xdaa ./Drivers/STM32F4xx_HAL_Driver/Src/stm32f4xx_hal_cortex.o
 .debug_info    0x00003f82      0x70b ./Drivers/STM32F4xx_HAL_Driver/Src/stm32f4xx_hal_gpio.o
 .debug_info    0x0000468d     0x2421 ./Drivers/STM32F4xx_HAL_Driver/Src/stm32f4xx_hal_i2c.o
 .debug_info    0x00006aae      0x8eb ./Drivers/STM32F4xx_HAL_Driver/Src/stm32f4xx_hal_rcc.o
 .debug_info    0x00007399      0x956 ./Drivers/STM32F4xx_HAL_Driver/Src/stm32f4xx_hal_rcc_ex.o

.debug_abbrev   0x00000000     0x173e
 .debug_abbrev  0x00000000      0x2cb ./Core/Src/liquidcrystal_i2c.o
 .debug_abbrev  0x000002cb      0x2aa ./Core/Src/main.o
 .debug_abbrev  0x00000575      0x1a5 ./Core/Src/stm32f4xx_hal_msp.o
 .debug_abbrev  0x0000071a       0x73 ./Core/Src/stm32f4xx_it.o
 .debug_abbrev  0x0000078d      0x11a ./Core/Src/system_stm32f4xx.o
 .debug_abbrev  0x000008a7       0x24 ./Core/Startup/startup_stm32f446retx.o
 .debug_abbrev  0x000008cb      0x214 ./Drivers/STM32F4xx_HAL_Driver/Src/stm32f4xx_hal.o
 .debug_abbrev  0x00000adf      0x31d ./Drivers/STM32F4xx_HAL_Driver/Src/stm32f4xx_hal_cortex.o
 .debug_abbrev  0x00000dfc      0x1d4 ./Drivers/STM32F4xx_HAL_Driver/Src/stm32f4xx_hal_gpio.o
 .debug_abbrev  0x00000fd0      0x2ad ./Drivers/STM32F4xx_HAL_Driver/Src/stm32f4xx_hal_i2c.o
 .debug_abbrev  0x0000127d      0x2b7 ./Drivers/STM32F4xx_HAL_Driver/Src/stm32f4xx_hal_rcc.o
 .debug_abbrev  0x00001534      0x20a ./Drivers/STM32F4xx_HAL_Driver/Src/stm32f4xx_hal_rcc_ex.o

.debug_aranges  0x00000000      0x850
 .debug_aranges
                0x00000000      0x110 ./Core/Src/liquidcrystal_i2c.o
 .debug_aranges
                0x00000110       0x40 ./Core/Src/main.o
 .debug_aranges
                0x00000150       0x30 ./Core/Src/stm32f4xx_hal_msp.o
 .debug_aranges
                0x00000180       0x60 ./Core/Src/stm32f4xx_it.o
 .debug_aranges
                0x000001e0       0x28 ./Core/Src/system_stm32f4xx.o
 .debug_aranges
                0x00000208       0x28 ./Core/Startup/startup_stm32f446retx.o
 .debug_aranges
                0x00000230       0xf0 ./Drivers/STM32F4xx_HAL_Driver/Src/stm32f4xx_hal.o
 .debug_aranges
                0x00000320      0x130 ./Drivers/STM32F4xx_HAL_Driver/Src/stm32f4xx_hal_cortex.o
 .debug_aranges
                0x00000450       0x58 ./Drivers/STM32F4xx_HAL_Driver/Src/stm32f4xx_hal_gpio.o
 .debug_aranges
                0x000004a8      0x2a8 ./Drivers/STM32F4xx_HAL_Driver/Src/stm32f4xx_hal_i2c.o
 .debug_aranges
                0x00000750       0x88 ./Drivers/STM32F4xx_HAL_Driver/Src/stm32f4xx_hal_rcc.o
 .debug_aranges
                0x000007d8       0x78 ./Drivers/STM32F4xx_HAL_Driver/Src/stm32f4xx_hal_rcc_ex.o

.debug_rnglists
                0x00000000      0x659
 .debug_rnglists
                0x00000000       0xc8 ./Core/Src/liquidcrystal_i2c.o
 .debug_rnglists
                0x000000c8       0x2d ./Core/Src/main.o
 .debug_rnglists
                0x000000f5       0x20 ./Core/Src/stm32f4xx_hal_msp.o
 .debug_rnglists
                0x00000115       0x43 ./Core/Src/stm32f4xx_it.o
 .debug_rnglists
                0x00000158       0x1a ./Core/Src/system_stm32f4xx.o
 .debug_rnglists
                0x00000172       0x19 ./Core/Startup/startup_stm32f446retx.o
 .debug_rnglists
                0x0000018b       0xaf ./Drivers/STM32F4xx_HAL_Driver/Src/stm32f4xx_hal.o
 .debug_rnglists
                0x0000023a       0xe0 ./Drivers/STM32F4xx_HAL_Driver/Src/stm32f4xx_hal_cortex.o
 .debug_rnglists
                0x0000031a       0x3f ./Drivers/STM32F4xx_HAL_Driver/Src/stm32f4xx_hal_gpio.o
 .debug_rnglists
                0x00000359      0x23c ./Drivers/STM32F4xx_HAL_Driver/Src/stm32f4xx_hal_i2c.o
 .debug_rnglists
                0x00000595       0x66 ./Drivers/STM32F4xx_HAL_Driver/Src/stm32f4xx_hal_rcc.o
 .debug_rnglists
                0x000005fb       0x5e ./Drivers/STM32F4xx_HAL_Driver/Src/stm32f4xx_hal_rcc_ex.o

.debug_macro    0x00000000    0x205c3
 .debug_macro   0x00000000      0x1d8 ./Core/Src/liquidcrystal_i2c.o
 .debug_macro   0x000001d8      0xab4 ./Core/Src/liquidcrystal_i2c.o
 .debug_macro   0x00000c8c      0x295 ./Core/Src/liquidcrystal_i2c.o
 .debug_macro   0x00000f21       0x2e ./Core/Src/liquidcrystal_i2c.o
 .debug_macro   0x00000f4f       0x28 ./Core/Src/liquidcrystal_i2c.o
 .debug_macro   0x00000f77       0x22 ./Core/Src/liquidcrystal_i2c.o
 .debug_macro   0x00000f99       0x8e ./Core/Src/liquidcrystal_i2c.o
 .debug_macro   0x00001027       0x51 ./Core/Src/liquidcrystal_i2c.o
 .debug_macro   0x00001078      0x103 ./Core/Src/liquidcrystal_i2c.o
 .debug_macro   0x0000117b       0x6a ./Core/Src/liquidcrystal_i2c.o
 .debug_macro   0x000011e5      0x1df ./Core/Src/liquidcrystal_i2c.o
 .debug_macro   0x000013c4       0x1c ./Core/Src/liquidcrystal_i2c.o
 .debug_macro   0x000013e0       0x22 ./Core/Src/liquidcrystal_i2c.o
 .debug_macro   0x00001402       0xfb ./Core/Src/liquidcrystal_i2c.o
 .debug_macro   0x000014fd     0x1011 ./Core/Src/liquidcrystal_i2c.o
 .debug_macro   0x0000250e      0x11f ./Core/Src/liquidcrystal_i2c.o
 .debug_macro   0x0000262d    0x16749 ./Core/Src/liquidcrystal_i2c.o
 .debug_macro   0x00018d76       0x6d ./Core/Src/liquidcrystal_i2c.o
 .debug_macro   0x00018de3     0x369a ./Core/Src/liquidcrystal_i2c.o
 .debug_macro   0x0001c47d      0x189 ./Core/Src/liquidcrystal_i2c.o
 .debug_macro   0x0001c606       0x5c ./Core/Src/liquidcrystal_i2c.o
 .debug_macro   0x0001c662      0xca5 ./Core/Src/liquidcrystal_i2c.o
 .debug_macro   0x0001d307      0x9e9 ./Core/Src/liquidcrystal_i2c.o
 .debug_macro   0x0001dcf0      0x115 ./Core/Src/liquidcrystal_i2c.o
 .debug_macro   0x0001de05      0x1a0 ./Core/Src/liquidcrystal_i2c.o
 .debug_macro   0x0001dfa5       0xa5 ./Core/Src/liquidcrystal_i2c.o
 .debug_macro   0x0001e04a      0x16d ./Core/Src/liquidcrystal_i2c.o
 .debug_macro   0x0001e1b7      0x287 ./Core/Src/liquidcrystal_i2c.o
 .debug_macro   0x0001e43e       0x5f ./Core/Src/liquidcrystal_i2c.o
 .debug_macro   0x0001e49d      0x236 ./Core/Src/liquidcrystal_i2c.o
 .debug_macro   0x0001e6d3      0x132 ./Core/Src/liquidcrystal_i2c.o
 .debug_macro   0x0001e805      0x29c ./Core/Src/liquidcrystal_i2c.o
 .debug_macro   0x0001eaa1       0x2e ./Core/Src/liquidcrystal_i2c.o
 .debug_macro   0x0001eacf      0x1b5 ./Core/Src/liquidcrystal_i2c.o
 .debug_macro   0x0001ec84       0x22 ./Core/Src/liquidcrystal_i2c.o
 .debug_macro   0x0001eca6       0xd6 ./Core/Src/liquidcrystal_i2c.o
 .debug_macro   0x0001ed7c      0x127 ./Core/Src/liquidcrystal_i2c.o
 .debug_macro   0x0001eea3       0xe8 ./Core/Src/liquidcrystal_i2c.o
 .debug_macro   0x0001ef8b       0x89 ./Core/Src/liquidcrystal_i2c.o
 .debug_macro   0x0001f014      0x126 ./Core/Src/liquidcrystal_i2c.o
 .debug_macro   0x0001f13a       0xd0 ./Core/Src/liquidcrystal_i2c.o
 .debug_macro   0x0001f20a      0x1dc ./Core/Src/main.o
 .debug_macro   0x0001f3e6       0xd6 ./Core/Src/main.o
 .debug_macro   0x0001f4bc      0x1d3 ./Core/Src/stm32f4xx_hal_msp.o
 .debug_macro   0x0001f68f      0x1dd ./Core/Src/stm32f4xx_it.o
 .debug_macro   0x0001f86c      0x1c9 ./Core/Src/system_stm32f4xx.o
 .debug_macro   0x0001fa35      0x229 ./Drivers/STM32F4xx_HAL_Driver/Src/stm32f4xx_hal.o
 .debug_macro   0x0001fc5e      0x1c9 ./Drivers/STM32F4xx_HAL_Driver/Src/stm32f4xx_hal_cortex.o
 .debug_macro   0x0001fe27      0x1cf ./Drivers/STM32F4xx_HAL_Driver/Src/stm32f4xx_hal_gpio.o
 .debug_macro   0x0001fff6      0x217 ./Drivers/STM32F4xx_HAL_Driver/Src/stm32f4xx_hal_i2c.o
 .debug_macro   0x0002020d      0x1ed ./Drivers/STM32F4xx_HAL_Driver/Src/stm32f4xx_hal_rcc.o
 .debug_macro   0x000203fa      0x1c9 ./Drivers/STM32F4xx_HAL_Driver/Src/stm32f4xx_hal_rcc_ex.o

.debug_line     0x00000000     0xab1f
 .debug_line    0x00000000      0xb1d ./Core/Src/liquidcrystal_i2c.o
 .debug_line    0x00000b1d      0x877 ./Core/Src/main.o
 .debug_line    0x00001394      0x77c ./Core/Src/stm32f4xx_hal_msp.o
 .debug_line    0x00001b10      0x7f1 ./Core/Src/stm32f4xx_it.o
 .debug_line    0x00002301      0x7b3 ./Core/Src/system_stm32f4xx.o
 .debug_line    0x00002ab4       0x7a ./Core/Startup/startup_stm32f446retx.o
 .debug_line    0x00002b2e      0xa1c ./Drivers/STM32F4xx_HAL_Driver/Src/stm32f4xx_hal.o
 .debug_line    0x0000354a      0xd0e ./Drivers/STM32F4xx_HAL_Driver/Src/stm32f4xx_hal_cortex.o
 .debug_line    0x00004258      0xb94 ./Drivers/STM32F4xx_HAL_Driver/Src/stm32f4xx_hal_gpio.o
 .debug_line    0x00004dec     0x3b62 ./Drivers/STM32F4xx_HAL_Driver/Src/stm32f4xx_hal_i2c.o
 .debug_line    0x0000894e      0xdb1 ./Drivers/STM32F4xx_HAL_Driver/Src/stm32f4xx_hal_rcc.o
 .debug_line    0x000096ff     0x1420 ./Drivers/STM32F4xx_HAL_Driver/Src/stm32f4xx_hal_rcc_ex.o

.debug_str      0x00000000    0xc4f28
 .debug_str     0x00000000    0xc290e ./Core/Src/liquidcrystal_i2c.o
                              0xc2bfc (size before relaxing)
 .debug_str     0x000c290e      0x2d0 ./Core/Src/main.o
                              0xc2bf6 (size before relaxing)
 .debug_str     0x000c2bde       0xd3 ./Core/Src/stm32f4xx_hal_msp.o
                              0xc2741 (size before relaxing)
 .debug_str     0x000c2cb1       0xc9 ./Core/Src/stm32f4xx_it.o
                              0xc20ff (size before relaxing)
 .debug_str     0x000c2d7a       0xcb ./Core/Src/system_stm32f4xx.o
                              0xc224e (size before relaxing)
 .debug_str     0x000c2e45       0x44 ./Core/Startup/startup_stm32f446retx.o
                                 0x80 (size before relaxing)
 .debug_str     0x000c2e89      0xb29 ./Drivers/STM32F4xx_HAL_Driver/Src/stm32f4xx_hal.o
                              0xc2e13 (size before relaxing)
 .debug_str     0x000c39b2      0x392 ./Drivers/STM32F4xx_HAL_Driver/Src/stm32f4xx_hal_cortex.o
                              0xc2b6a (size before relaxing)
 .debug_str     0x000c3d44      0x15d ./Drivers/STM32F4xx_HAL_Driver/Src/stm32f4xx_hal_gpio.o
                              0xc23c9 (size before relaxing)
 .debug_str     0x000c3ea1      0xb50 ./Drivers/STM32F4xx_HAL_Driver/Src/stm32f4xx_hal_i2c.o
                              0xc324c (size before relaxing)
 .debug_str     0x000c49f1      0x213 ./Drivers/STM32F4xx_HAL_Driver/Src/stm32f4xx_hal_rcc.o
                              0xc2687 (size before relaxing)
 .debug_str     0x000c4c04      0x324 ./Drivers/STM32F4xx_HAL_Driver/Src/stm32f4xx_hal_rcc_ex.o
                              0xc26ba (size before relaxing)

.comment        0x00000000       0x43
 .comment       0x00000000       0x43 ./Core/Src/liquidcrystal_i2c.o
                                 0x44 (size before relaxing)
 .comment       0x00000043       0x44 ./Core/Src/main.o
 .comment       0x00000043       0x44 ./Core/Src/stm32f4xx_hal_msp.o
 .comment       0x00000043       0x44 ./Core/Src/stm32f4xx_it.o
 .comment       0x00000043       0x44 ./Core/Src/system_stm32f4xx.o
 .comment       0x00000043       0x44 ./Drivers/STM32F4xx_HAL_Driver/Src/stm32f4xx_hal.o
 .comment       0x00000043       0x44 ./Drivers/STM32F4xx_HAL_Driver/Src/stm32f4xx_hal_cortex.o
 .comment       0x00000043       0x44 ./Drivers/STM32F4xx_HAL_Driver/Src/stm32f4xx_hal_gpio.o
 .comment       0x00000043       0x44 ./Drivers/STM32F4xx_HAL_Driver/Src/stm32f4xx_hal_i2c.o
 .comment       0x00000043       0x44 ./Drivers/STM32F4xx_HAL_Driver/Src/stm32f4xx_hal_rcc.o
 .comment       0x00000043       0x44 ./Drivers/STM32F4xx_HAL_Driver/Src/stm32f4xx_hal_rcc_ex.o

.debug_frame    0x00000000     0x21d0
 .debug_frame   0x00000000      0x3f0 ./Core/Src/liquidcrystal_i2c.o
 .debug_frame   0x000003f0       0xb0 ./Core/Src/main.o
 .debug_frame   0x000004a0       0x80 ./Core/Src/stm32f4xx_hal_msp.o
 .debug_frame   0x00000520      0x104 ./Core/Src/stm32f4xx_it.o
 .debug_frame   0x00000624       0x58 ./Core/Src/system_stm32f4xx.o
 .debug_frame   0x0000067c      0x374 ./Drivers/STM32F4xx_HAL_Driver/Src/stm32f4xx_hal.o
 .debug_frame   0x000009f0      0x508 ./Drivers/STM32F4xx_HAL_Driver/Src/stm32f4xx_hal_cortex.o
 .debug_frame   0x00000ef8      0x14c ./Drivers/STM32F4xx_HAL_Driver/Src/stm32f4xx_hal_gpio.o
 .debug_frame   0x00001044      0xc84 ./Drivers/STM32F4xx_HAL_Driver/Src/stm32f4xx_hal_i2c.o
 .debug_frame   0x00001cc8      0x1f4 ./Drivers/STM32F4xx_HAL_Driver/Src/stm32f4xx_hal_rcc.o
 .debug_frame   0x00001ebc      0x1e8 ./Drivers/STM32F4xx_HAL_Driver/Src/stm32f4xx_hal_rcc_ex.o
 .debug_frame   0x000020a4       0x38 C:/ST/STM32CubeIDE_1.17.0/STM32CubeIDE/plugins/com.st.stm32cube.ide.mcu.externaltools.gnu-tools-for-stm32.12.3.rel1.win32_1.1.0.202410251130/tools/bin/../lib/gcc/arm-none-eabi/12.3.1/../../../../arm-none-eabi/lib/thumb/v7e-m+fp/hard\libc_nano.a(libc_a-itoa.o)
 .debug_frame   0x000020dc       0x48 C:/ST/STM32CubeIDE_1.17.0/STM32CubeIDE/plugins/com.st.stm32cube.ide.mcu.externaltools.gnu-tools-for-stm32.12.3.rel1.win32_1.1.0.202410251130/tools/bin/../lib/gcc/arm-none-eabi/12.3.1/../../../../arm-none-eabi/lib/thumb/v7e-m+fp/hard\libc_nano.a(libc_a-utoa.o)
 .debug_frame   0x00002124       0x20 C:/ST/STM32CubeIDE_1.17.0/STM32CubeIDE/plugins/com.st.stm32cube.ide.mcu.externaltools.gnu-tools-for-stm32.12.3.rel1.win32_1.1.0.202410251130/tools/bin/../lib/gcc/arm-none-eabi/12.3.1/../../../../arm-none-eabi/lib/thumb/v7e-m+fp/hard\libc_nano.a(libc_a-memset.o)
 .debug_frame   0x00002144       0x2c C:/ST/STM32CubeIDE_1.17.0/STM32CubeIDE/plugins/com.st.stm32cube.ide.mcu.externaltools.gnu-tools-for-stm32.12.3.rel1.win32_1.1.0.202410251130/tools/bin/../lib/gcc/arm-none-eabi/12.3.1/../../../../arm-none-eabi/lib/thumb/v7e-m+fp/hard\libc_nano.a(libc_a-init.o)
 .debug_frame   0x00002170       0x2c C:/ST/STM32CubeIDE_1.17.0/STM32CubeIDE/plugins/com.st.stm32cube.ide.mcu.externaltools.gnu-tools-for-stm32.12.3.rel1.win32_1.1.0.202410251130/tools/bin/../lib/gcc/arm-none-eabi/12.3.1/thumb/v7e-m+fp/hard\libgcc.a(_aeabi_uldivmod.o)
 .debug_frame   0x0000219c       0x34 C:/ST/STM32CubeIDE_1.17.0/STM32CubeIDE/plugins/com.st.stm32cube.ide.mcu.externaltools.gnu-tools-for-stm32.12.3.rel1.win32_1.1.0.202410251130/tools/bin/../lib/gcc/arm-none-eabi/12.3.1/thumb/v7e-m+fp/hard\libgcc.a(_udivmoddi4.o)

.debug_line_str
                0x00000000       0x64
 .debug_line_str
                0x00000000       0x64 ./Core/Startup/startup_stm32f446retx.o
