13:05:17 **** Incremental Build of configuration Debug for project Button-Test ****
make -j4 all 
arm-none-eabi-gcc "../Core/Src/main.c" -mcpu=cortex-m4 -std=gnu11 -g3 -DDEBUG -DUSE_HAL_DRIVER -DSTM32F446xx -c -I../Core/Inc -I../Drivers/STM32F4xx_HAL_Driver/Inc -I../Drivers/STM32F4xx_HAL_Driver/Inc/Legacy -I../Drivers/CMSIS/Device/ST/STM32F4xx/Include -I../Drivers/CMSIS/Include -O0 -ffunction-sections -fdata-sections -Wall -fstack-usage -fcyclomatic-complexity -MMD -MP -MF"Core/Src/main.d" -MT"Core/Src/main.o" --specs=nano.specs -mfpu=fpv4-sp-d16 -mfloat-abi=hard -mthumb -o "Core/Src/main.o"
arm-none-eabi-gcc -o "Button-Test.elf" @"objects.list"   -mcpu=cortex-m4 -T"C:\Users\Jason\STM32CubeIDE\workspace_1.17.0\Button-Test\STM32F446RETX_FLASH.ld" --specs=nosys.specs -Wl,-Map="Button-Test.map" -Wl,--gc-sections -static --specs=nano.specs -mfpu=fpv4-sp-d16 -mfloat-abi=hard -mthumb -Wl,--start-group -lc -lm -Wl,--end-group
Finished building target: Button-Test.elf
 
arm-none-eabi-size  Button-Test.elf 
arm-none-eabi-objdump -h -S Button-Test.elf  > "Button-Test.list"
   text	   data	    bss	    dec	    hex	filename
   6384	     12	   1572	   7968	   1f20	Button-Test.elf
Finished building: default.size.stdout
 
Finished building: Button-Test.list
 

13:05:18 Build Finished. 0 errors, 0 warnings. (took 1s.41ms)

